// Jest Snapshot v1, https://goo.gl/fbAQLP

exports[`renders Squareradiobutton correctly 1`] = `
<div
  className={undefined}
>
  <input
    className={undefined}
    defaultChecked={false}
    id="id-0"
    name="name-0"
    onChange={[Function]}
    type="radio"
    value="some-val"
  />
  <label
    htmlFor="id-0"
  >
    Yes
  </label>
</div>
`;
